---
source: crates/rolldown/tests/common/case.rs
expression: content
input_file: crates/rolldown/tests/esbuild/default/require_parent_dir_es6
---
# Assets

## dir_entry_js.mjs

```js
import { __export } from "./_rolldown_runtime.mjs";

// index.js
var require_parent_dir_es6_index_ns = {};
__export(require_parent_dir_es6_index_ns, {
	default:() => require_parent_dir_es6_index_default
});
var require_parent_dir_es6_index_default = 123;

// dir/entry.js
var entry_ns = {};
__export(entry_ns, {});
console.log(require_parent_dir_es6_index_default);
```
