---
source: crates/rolldown/tests/common/case.rs
expression: content
input_file: crates/rolldown/tests/fixtures/external/export_external
---
# Assets

## main.mjs

```js
import * as ext1 from "external";
import * as ext from "external";
import { a, a as a$1, a as a1, b, b as b$1, b as b1 } from "external";
import { __export } from "./_rolldown_runtime.mjs";

// foo.js
var foo_ns = {};
__export(foo_ns, {
	a1:() => a1,
	b1:() => b1,
	ext1:() => ext1
});
const a1$1 = 1;
console.log(a1$1);

// main.js
var main_ns = {};
__export(main_ns, {
	a:() => a$1,
	b:() => b$1
});
console.log(ext, a1, b1, ext1, a, b);

export { a$1 as a, b$1 as b };
```
