---
source: crates/rolldown/tests/common/case.rs
expression: content
input_file: crates/rolldown/tests/esbuild/default/await_import_inside_try
---
# Assets

## entry_js.mjs

```js
import { __export } from "./_rolldown_runtime.mjs";

// entry.js
async function main(name) {
	try{
		return await import(name);
	}catch{
	}}
main('fs');
```
