---
source: crates/rolldown/tests/common/case.rs
expression: content
input_file: crates/rolldown/tests/fixtures/compat/dynamic_cjs_entry
---
# Assets

## cjs_js.mjs

```js
import { __commonJSMin, __export } from "./_rolldown_runtime.mjs";

// cjs.js
var require_cjs = __commonJSMin((exports, module) => {
	module.exports = 'cjs';
});

export default require_cjs();
```
## main.mjs

```js
import { __export } from "./_rolldown_runtime.mjs";

// main.js
var main_ns = {};
__export(main_ns, {
	default:() => main_default
});
var main_default = import('./cjs.js');

export { main_default as default };
```
