---
source: crates/rolldown/tests/common/case.rs
expression: content
input_file: crates/rolldown/tests/fixtures/compat/esm_require_cjs
---
# Assets

## main.mjs

```js
import { __commonJS, __export } from "./_rolldown_runtime.mjs";

// cjs.js
var require_cjs = __commonJS((exports, module) => {
	module.exports = 'cjs';
});

// main.js
var main_ns = {};
__export(main_ns, {
	cjs:() => cjs
});
const cjs = require_cjs();

export { cjs };
```
