---
source: crates/rolldown/tests/common/case.rs
expression: content
input_file: crates/rolldown/tests/esbuild/default/es6_from_common_js
---
# Assets

## entry_js.mjs

```js
import { __commonJS, __toESM } from "./_rolldown_runtime.mjs";

// foo.js
var require_foo = __commonJS((exports, module) => {
	exports.foo = function() {
		return 'foo';
	};
});

// bar.js
var require_bar = __commonJS((exports, module) => {
	exports.bar = function() {
		return 'bar';
	};
});

// entry.js
var import_foo = require_foo();
var import_bar = require_bar();
console.log((0,import_foo.foo)(), (0,import_bar.bar)());
```
