---
source: crates/rolldown/tests/common/case.rs
expression: content
input_file: crates/rolldown/tests/fixtures/external/keep_import_external_order
---
# Assets

## main.mjs

```js
import "ext1";
import "ext2";
import { __export } from "./_rolldown_runtime.mjs";

// foo.js
const a = 'foo';

// main.js
console.log(a);
```
