---
source: crates/rolldown/tests/common/case.rs
expression: content
input_file: crates/rolldown/tests/esbuild/default/export_forms_es6
---
# Assets

## entry_js.mjs

```js
import { __export } from "./_rolldown_runtime.mjs";

// a.js
var a_ns = {};
__export(a_ns, {
	abc:() => abc
});
const abc = undefined;

// b.js
var b_ns = {};
__export(b_ns, {
	xyz:() => xyz
});
const xyz = null;

// entry.js
var entry_ns = {};
__export(entry_ns, {
	C:() => Class,
	Class:() => Class,
	Fn:() => Fn,
	abc:() => abc,
	b:() => b_ns,
	c:() => c,
	default:() => entry_default,
	l:() => l,
	v:() => v
});
var entry_default = 123;
var v = 234;
let l = 234;
const c = 234;
function Fn() {
}
class Class {
}

export { Class as C, Class, Fn, abc, b_ns as b, c, entry_default as default, l, v };
```
