---
source: crates/rolldown/tests/common/case.rs
expression: content
input_file: crates/rolldown/tests/esbuild/splitting/re_export_issue273
---
# Assets

## a.mjs

```js
import { a } from "./a_js.mjs";

export { a };
```
## a_js.mjs

```js
import { __export } from "./_rolldown_runtime.mjs";

// a.js
const a = 1;

export { a };
```
## b.mjs

```js
import { __export } from "./_rolldown_runtime.mjs";
import { a } from "./a_js.mjs";

// b.js

export { a };
```
