---
source: crates/rolldown/tests/common/case.rs
expression: content
input_file: crates/rolldown/tests/esbuild/import_star/import_of_export_star
---
# Assets

## entry_js.mjs

```js
import { __export } from "./_rolldown_runtime.mjs";

// bar.js
var bar_ns = {};
__export(bar_ns, {
	bar:() => bar
});
statement();
statement();
statement();
statement();
const bar = 123;

// foo.js
var foo_ns = {};
__export(foo_ns, {
	bar:() => bar
});

// entry.js
var entry_ns = {};
console.log(bar);
```
