---
source: crates/rolldown/tests/common/case.rs
expression: content
input_file: crates/rolldown/tests/fixtures/object_shorthand_property
---
# Assets

## main.mjs

```js
import { default as assert } from "assert";
import { __export } from "./_rolldown_runtime.mjs";

// foo.js
var foo_ns = {};
__export(foo_ns, {
	default:() => foo_default
});
var foo_default = 'foo';

// main.js
var main_ns = {};
__export(main_ns, {});
const value = {
	foo:foo_default
};
assert.strictEqual(value.foo, 'foo');
```
