---
source: crates/rolldown/tests/common/case.rs
expression: content
input_file: crates/rolldown/tests/esbuild/splitting/duplicate_chunk_collision
---
# Assets

## a.mjs

```js
import { __export } from "./_rolldown_runtime.mjs";

// a.js
var a_ns = {};
__export(a_ns, {});
```
## ab_js.mjs

```js
import { __export } from "./_rolldown_runtime.mjs";

// ab.js
console.log(123);
```
## b.mjs

```js
import { __export } from "./_rolldown_runtime.mjs";

// b.js
var b_ns = {};
__export(b_ns, {});
```
## c.mjs

```js

```
## cd_js.mjs

```js
import { __export } from "./_rolldown_runtime.mjs";

// cd.js
console.log(123);

// d.js
var d_ns = {};
__export(d_ns, {});
```
## d.mjs

```js

```
