---
source: crates/rolldown/tests/common/case.rs
expression: content
input_file: crates/rolldown/tests/esbuild/splitting/dynamic-es6-into-es6
---
# Assets

## foo_js.mjs

```js
import { __export } from "./_rolldown_runtime.mjs";

// foo.js
var foo_ns = {};
__export(foo_ns, {
	bar:() => bar
});
let bar = 123;

export { bar };
```
## main.mjs

```js
import { __export } from "./_rolldown_runtime.mjs";

// main.js
import('./foo.js').then(({bar}) => console.log(bar));
```
