---
source: crates/rolldown/tests/common/case.rs
expression: content
input_file: crates/rolldown/tests/esbuild/import_star/import_export_star_ambiguous_warning
---
# Assets

## entry_js.mjs

```js
import { __export } from "./_rolldown_runtime.mjs";

// foo.js
var foo_ns = {};
__export(foo_ns, {
	x:() => x,
	y:() => y$1
});
const x = 1;
const y$1 = 2;

// bar.js
var bar_ns = {};
__export(bar_ns, {
	y:() => y,
	z:() => z
});
const y = 3;
const z = 4;

// common.js
var common_ns = {};
__export(common_ns, {
	x:() => x,
	z:() => z
});

// entry.js
var entry_ns = {};
console.log(common_ns.x, common_ns.y, common_ns.z);
```
