---
source: crates/rolldown/tests/common/case.rs
expression: content
input_file: crates/rolldown/tests/esbuild/import_star/re_export_star_name_shadowing_not_ambiguous_re_export
---
# Assets

## entry_js.mjs

```js
import { __export } from "./_rolldown_runtime.mjs";

// c.js
var c_ns = {};
__export(c_ns, {
	x:() => x$1
});
let x$1 = 2;

// b.js
var b_ns = {};
__export(b_ns, {
	x:() => x
});
let x = 1;

// a.js
var a_ns = {};
__export(a_ns, {
	x:() => x
});

// entry.js
var entry_ns = {};
console.log(x);
```
