---
source: crates/rolldown/tests/common/case.rs
expression: content
input_file: crates/rolldown/tests/fixtures/code_splitting/ensure_side_effect_executed2
---
# Assets

## a.mjs

```js
import "./shared_js.mjs";
```
## b.mjs

```js
import "./shared_js.mjs";
```
## shared_js.mjs

```js
// shared.js
globalThis.sideEffectExecuted = true;
```
