---
source: crates/rolldown/tests/common/case.rs
expression: content
input_file: crates/rolldown/tests/esbuild/import_star/namespace_import_re_export_star_unused_missing_es6
---
# Assets

## entry_js.mjs

```js
import { __export } from "./_rolldown_runtime.mjs";

// bar.js
var bar_ns = {};
__export(bar_ns, {
	x:() => x
});
const x = 123;

// foo.js
var foo_ns = {};
__export(foo_ns, {
	x:() => x
});

// entry.js
var entry_ns = {};
__export(entry_ns, {});
console.log(foo_ns.foo);
```
