---
source: crates/rolldown/tests/common/case.rs
expression: content
input_file: crates/rolldown/tests/esbuild/default/require_child_dir_es6
---
# Assets

## entry_js.mjs

```js
import { __export } from "./_rolldown_runtime.mjs";

// dir/index.js
var dir_index_default = 123;

// entry.js
console.log(dir_index_default);
```
