---
source: crates/rolldown/tests/common/case.rs
expression: content
input_file: crates/rolldown/tests/fixtures/misc/cjs_entry_as_dependency
---
# Assets

## main.mjs

```js
import { __commonJS, __export, __toESM } from "./_rolldown_runtime.mjs";
import { require_main2 } from "./main2_js.mjs";

// main.js
var require_main = __commonJS((exports, module) => {
	var import_main2 = require_main2();
	module.exports = import_main2.default;
});

export default require_main();
```
## main2.mjs

```js
import { require_main2 } from "./main2_js.mjs";

export default require_main2();
```
## main2_js.mjs

```js
import { __commonJS, __export } from "./_rolldown_runtime.mjs";

// main2.js
var require_main2 = __commonJS((exports, module) => {
	module.exports = {};
});

export { require_main2 };
```
