---
source: crates/rolldown/tests/common/case.rs
expression: content
input_file: crates/rolldown/tests/fixtures/deconflict/wrapped_esm_default_function
---
# Assets

## main.mjs

```js
import { default as assert } from "assert";
import { __esm, __toCommonJS } from "./_rolldown_runtime.mjs";

// foo.js
function foo$1(a$1$1) {
	console.log(a$1$1, a$1);
}
var init_foo = __esm(() => {
	const a$1 = 1;
});

// bar.js
init_foo();
var bar_default = {
	foo:foo$1
};

// main.js
const a = 2;
const {foo:foo} = bar_default;
assert.strictEqual(typeof foo, 'function');
require('./foo');
```
