---
source: crates/rolldown/tests/common/case.rs
expression: content
input_file: crates/rolldown/tests/esbuild/splitting/assign-to-local
---
# Assets

## a.mjs

```js
import { __export } from "./_rolldown_runtime.mjs";
import { foo, setFoo } from "./shared_js.mjs";

// a.js
setFoo(123);
console.log(foo);
```
## b.mjs

```js
import { __export } from "./_rolldown_runtime.mjs";
import { foo } from "./shared_js.mjs";

// b.js
console.log(foo);
```
## shared_js.mjs

```js
import { __export } from "./_rolldown_runtime.mjs";

// shared.js
let foo;
function setFoo(value) {
	foo = value;
}

export { foo, setFoo };
```
