---
source: crates/rolldown/tests/common/case.rs
expression: content
input_file: crates/rolldown/tests/fixtures/external/implicit_import_external
---
# Assets

## main.mjs

```js
import * as assert_star from "node:assert";
import { default as assert, equal } from "node:assert";
import { __export } from "./_rolldown_runtime.mjs";

// main.js
var main_ns = {};
assert.equal(1, 1);
assert_star.equal(1, 1);
equal(1, 1);
```
