---
source: crates/rolldown/tests/common/case.rs
expression: content
input_file: crates/rolldown/tests/fixtures/require/require_cjs
---
# Assets

## main.mjs

```js
import { __commonJSMin } from "./_rolldown_runtime.mjs";

// cjs.js
var require_cjs = __commonJSMin((exports, module) => {
	module.exports = {};
});

// main.js
require_cjs();
var cjs = require_cjs();
```
