---
source: crates/rolldown/tests/common/case.rs
expression: content
input_file: crates/rolldown/tests/fixtures/deconflict/wrapped_esm_export_named_function
---
# Assets

## main.mjs

```js
import { default as assert } from "assert";
import { __esm, __export, __toCommonJS } from "./_rolldown_runtime.mjs";

// foo.js
function foo$1(a$1$1) {
	console.log(a$1$1, a$1);
}
var foo_ns, a$1;
var init_foo = __esm(() => {
	foo_ns = {};
	__export(foo_ns, {
		foo:() => foo$1
	});
	a$1 = 1;
});

// bar.js
var bar_ns = {};
__export(bar_ns, {
	default:() => bar_default
});
init_foo();
var bar_default = {
	foo:foo$1
};

// main.js
var main_ns = {};
__export(main_ns, {});
const a = 2;
const {foo} = bar_default;
assert.strictEqual(typeof foo, 'function');
init_foo(),__toCommonJS(foo_ns);
```
