---
source: crates/rolldown/tests/common/case.rs
expression: content
input_file: crates/rolldown/tests/esbuild/import_star/import_star_of_export_star_as
---
# Assets

## entry_js.mjs

```js
// bar.js
const bar = 123;

// foo.js

// entry.js
console.log(foo_ns);
```
