---
source: crates/rolldown/tests/common/case.rs
expression: content
input_file: crates/rolldown/tests/esbuild/splitting/dynamic_and_not_dynamic_es6_into_es6
---
# Assets

## foo_js-3.mjs

```js
import { __export } from "./_rolldown_runtime.mjs";

// foo.js
var foo_ns = {};
__export(foo_ns, {
	bar:() => bar
});
let bar = 123;

export { bar };
```
## foo_js.mjs

```js
import { bar } from "./foo_js-3.mjs";

export { bar };
```
## main.mjs

```js
import { __export } from "./_rolldown_runtime.mjs";
import { bar } from "./foo_js-3.mjs";

// main.js
var main_ns = {};
__export(main_ns, {});
import("'./foo_js-3.mjs'").then(({bar:b}) => console.log(bar, b));
```
