---
source: crates/rolldown/tests/common/case.rs
expression: content
input_file: crates/rolldown/tests/fixtures/import_reexport_between_esm_and_cjs/esm_reexport_cjs_default
---
# Assets

## main.mjs

```js
import { __commonJSMin, __export, __toESM } from "./_rolldown_runtime.mjs";

// commonjs.js
var require_commonjs = __commonJSMin((exports, module) => {
	module.exports = 'foo';
});

// main.js
var main_ns = {};
__export(main_ns, {
	default:() => import_commonjs.default
});
var import_commonjs = __toESM(require_commonjs());

var commonjs_default = import_commonjs.default;
export { commonjs_default as default };
```
