---
source: crates/rolldown/tests/common/case.rs
expression: content
input_file: crates/rolldown/tests/esbuild/default/use_strict_directive_bundle_esm_issue2264
---
# Assets

## entry_js.mjs

```js
import { __export } from "./_rolldown_runtime.mjs";

// entry.js
'use strict';var entry_ns = {};
__export(entry_ns, {
	a:() => a
});
let a = 1;

export { a };
```
