---
source: crates/rolldown/tests/common/case.rs
expression: content
input_file: crates/rolldown/tests/esbuild/splitting/shared-commonjs-into-es6
---
# Assets

## a.mjs

```js
import { require_shared } from "./shared_js.mjs";

// a.js
const {foo} = require_shared();
console.log(foo);
```
## b.mjs

```js
import { require_shared } from "./shared_js.mjs";

// b.js
const {foo} = require_shared();
console.log(foo);
```
## shared_js.mjs

```js
import { __commonJS } from "./_rolldown_runtime.mjs";

// shared.js
var require_shared = __commonJS((exports, module) => {
	exports.foo = 123;
});

export { require_shared };
```
