---
source: crates/rolldown/tests/common/case.rs
expression: content
input_file: crates/rolldown/tests/fixtures/deconflict/decl_nested_assign_pattern
---
# Assets

## main.mjs

```js
import { default as assert } from "assert";
import { __export } from "./_rolldown_runtime.mjs";

// names.js
var names_ns = {};
__export(names_ns, {
	baz:() => baz
});
const {foo:{bar:{baz=''}={}}={}} = {
	foo:{
		bar:{
			baz:'baz2'
		}
	}
};

// main.js
var main_ns = {};
__export(main_ns, {
	baz:() => baz$1,
	baz2:() => baz
});
const {foo:{bar:{baz:baz$1=''}={}}={}} = {
	foo:{
		bar:{
			baz:'baz'
		}
	}
};
assert.strictEqual(baz$1, 'baz');
assert.strictEqual(baz, 'baz2');

export { baz$1 as baz, baz as baz2 };
```
