---
source: crates/rolldown/tests/common/case.rs
expression: content
input_file: crates/rolldown/tests/esbuild/import_star/re_export_namespace_import_unused_missing_es6
---
# Assets

## entry_js.mjs

```js
import { __export } from "./_rolldown_runtime.mjs";

// bar.js
var bar_ns = {};
__export(bar_ns, {
	x:() => x
});
const x = 123;

// foo.js
var foo_ns = {};
__export(foo_ns, {
	ns:() => bar_ns
});

// entry.js
var entry_ns = {};
console.log(bar_ns.foo);
```
